  load 7.99 > 5.0, waiting...
  load 6.44 > 5.0, waiting...
  load 5.17 > 5.0, waiting...
rep0 standalone  1w=118,002, 2w=219,738, 4w=392,985, 8w=498,198
  load 8.40 > 5.0, waiting...
  load 6.69 > 5.0, waiting...
  load 5.43 > 5.0, waiting...
rep0 replset     1w=12,489, 2w=20,551, 4w=41,436, 8w=70,333
rep0 replset-w1  1w=88,785, 2w=156,321, 4w=258,753, 8w=340,757
  load 7.07 > 5.0, waiting...
  load 5.66 > 5.0, waiting...
rep1 standalone  1w=119,336, 2w=220,569, 4w=396,839, 8w=498,327
  load 8.03 > 5.0, waiting...
  load 6.39 > 5.0, waiting...
  load 5.19 > 5.0, waiting...
rep1 replset     1w=12,354, 2w=20,200, 4w=41,325, 8w=72,771
rep1 replset-w1  1w=86,008, 2w=157,171, 4w=256,721, 8w=334,377
  load 8.58 > 5.0, waiting...
  load 7.12 > 5.0, waiting...
  load 6.14 > 5.0, waiting...
  load 5.44 > 5.0, waiting...
rep2 standalone  1w=120,596, 2w=221,509, 4w=391,689, 8w=501,541
  load 6.57 > 5.0, waiting...
  load 5.27 > 5.0, waiting...
rep2 replset     1w=12,163, 2w=20,263, 4w=41,617, 8w=69,473
rep2 replset-w1  1w=89,161, 2w=154,801, 4w=257,678, 8w=339,677

=== medians (docs/s) ===
standalone  1w=119,336, 2w=220,569, 4w=392,985, 8w=498,327
replset     1w=12,354, 2w=20,263, 4w=41,436, 8w=70,333
replset-w1  1w=88,785, 2w=156,321, 4w=257,678, 8w=339,677
