  load 8.19 > 5.0, waiting...
  load 6.61 > 5.0, waiting...
  load 5.51 > 5.0, waiting...
rep0 standalone  1w=108,744, 2w=202,136, 4w=365,412, 8w=473,625
  load 9.48 > 5.0, waiting...
  load 7.75 > 5.0, waiting...
  load 6.25 > 5.0, waiting...
  load 5.08 > 5.0, waiting...
rep0 replset     1w=12,587, 2w=20,198, 4w=41,584, 8w=71,688
rep0 replset-w1  1w=81,369, 2w=145,463, 4w=239,391, 8w=288,818
  load 6.89 > 5.0, waiting...
  load 5.66 > 5.0, waiting...
rep1 standalone  1w=112,088, 2w=205,501, 4w=385,545, 8w=497,825
  load 7.40 > 5.0, waiting...
  load 5.90 > 5.0, waiting...
rep1 replset     1w=12,649, 2w=20,257, 4w=41,817, 8w=73,068
rep1 replset-w1  1w=83,063, 2w=148,826, 4w=245,679, 8w=308,875
  load 7.34 > 5.0, waiting...
  load 5.94 > 5.0, waiting...
rep2 standalone  1w=112,855, 2w=207,962, 4w=384,407, 8w=500,432
  load 6.90 > 5.0, waiting...
  load 5.53 > 5.0, waiting...
rep2 replset     1w=12,289, 2w=20,343, 4w=41,673, 8w=70,791
rep2 replset-w1  1w=82,791, 2w=147,895, 4w=246,869, 8w=297,471

=== medians (docs/s) ===
standalone  1w=112,088, 2w=205,501, 4w=384,407, 8w=497,825
replset     1w=12,587, 2w=20,257, 4w=41,673, 8w=71,688
replset-w1  1w=82,791, 2w=147,895, 4w=245,679, 8w=297,471
